> Task :gradle-plugin:shared:checkKotlinGradlePluginConfigurationErrors SKIPPED
> Task :gradle-plugin:settings-plugin:checkKotlinGradlePluginConfigurationErrors SKIPPED
> Task :gradle-plugin:settings-plugin:pluginDescriptors UP-TO-DATE
> Task :gradle-plugin:settings-plugin:processResources UP-TO-DATE
> Task :gradle-plugin:shared:compileKotlin UP-TO-DATE
> Task :gradle-plugin:shared:compileJava NO-SOURCE
> Task :gradle-plugin:shared:processResources NO-SOURCE
> Task :gradle-plugin:shared:classes UP-TO-DATE
> Task :gradle-plugin:shared:jar UP-TO-DATE
> Task :gradle-plugin:settings-plugin:compileKotlin UP-TO-DATE
> Task :gradle-plugin:settings-plugin:compileJava NO-SOURCE
> Task :gradle-plugin:settings-plugin:classes UP-TO-DATE
> Task :gradle-plugin:settings-plugin:jar UP-TO-DATE
> Task :gradle-plugin:react-native-gradle-plugin:checkKotlinGradlePluginConfigurationErrors SKIPPED
> Task :gradle-plugin:react-native-gradle-plugin:compileKotlin UP-TO-DATE
> Task :gradle-plugin:react-native-gradle-plugin:compileJava NO-SOURCE
> Task :gradle-plugin:react-native-gradle-plugin:pluginDescriptors UP-TO-DATE
> Task :gradle-plugin:react-native-gradle-plugin:processResources UP-TO-DATE
> Task :gradle-plugin:react-native-gradle-plugin:classes UP-TO-DATE
> Task :gradle-plugin:react-native-gradle-plugin:jar UP-TO-DATE

> Configure project :expo

Using expo modules
  - [32mexpo-application[0m (6.0.2)
  - [32mexpo-constants[0m (17.0.8)
  - [32mexpo-crypto[0m (14.0.2)
  - [32mexpo-device[0m (7.0.3)
  - [32mexpo-file-system[0m (18.0.12)
  - [32mexpo-image[0m (2.0.7)
  - [32mexpo-linear-gradient[0m (14.0.2)
  - [32mexpo-modules-core[0m (2.2.3)
  - [32mexpo-store-review[0m (8.0.1)
  - [32mexpo-video-thumbnails[0m (9.0.3)
  - [32mexpo-web-browser[0m (14.0.2)


> Configure project :react-native-reanimated
Android gradle plugin: 8.7.2
Gradle: 8.10.2

> Configure project :react-native-video
Kotlin version is correct: 2.0.21
AndroidX version is correct: 1.9.3
useExoplayerIMA: false
useExoplayerSmoothStreaming: true
useExoplayerDash: true
useExoplayerHls: true
useExoplayerRtsp: false
buildFromSource: false

> Configure project :reactnativenotifications
WARNING: DSL element 'dexOptions' is obsolete and should be removed.
It will be removed in version 8.0 of the Android Gradle plugin.
Using it has no effect, and the AndroidGradle plugin optimizes dexing automatically.

> Task :react-native-navigation:checkKotlinGradlePluginConfigurationErrors SKIPPED
> Task :react-native-navigation:preBuild UP-TO-DATE
> Task :react-native-navigation:preReactNative71DebugBuild UP-TO-DATE
> Task :react-native-navigation:generateReactNative71DebugBuildConfig UP-TO-DATE
> Task :react-native-navigation:generateReactNative71DebugResValues UP-TO-DATE
> Task :react-native-navigation:generateReactNative71DebugResources UP-TO-DATE
> Task :react-native-navigation:packageReactNative71DebugResources UP-TO-DATE
> Task :react-native-navigation:parseReactNative71DebugLocalResources UP-TO-DATE
> Task :react-native-navigation:generateReactNative71DebugRFile UP-TO-DATE
> Task :react-native-navigation:javaPreCompileReactNative71Debug UP-TO-DATE
> Task :react-native-navigation:compileReactNative71DebugKotlin

> Task :react-native-navigation:compileReactNative71DebugJavaWithJavac
/home/hogar/Documentos/zublime/mattermost-mobile/node_modules/react-native-navigation/lib/android/app/src/main/java/com/reactnativenavigation/react/NavigationModule.java:237: warning: [removal] onCatalystInstanceDestroy() in NativeModule has been deprecated and marked for removal
    public void onCatalystInstanceDestroy() {
                ^
/home/hogar/Documentos/zublime/mattermost-mobile/node_modules/react-native-navigation/lib/android/app/src/main/java/com/reactnativenavigation/react/NavigationModule.java:242: warning: [removal] onCatalystInstanceDestroy() in NativeModule has been deprecated and marked for removal
        super.onCatalystInstanceDestroy();
             ^
Note: Some input files use or override a deprecated API.
Note: Recompile with -Xlint:deprecation for details.
Note: Some input files use unchecked or unsafe operations.
Note: Recompile with -Xlint:unchecked for details.
2 warnings

Deprecated Gradle features were used in this build, making it incompatible with Gradle 9.0.

You can use '--warning-mode all' to show the individual deprecation warnings and determine if they come from your own scripts or plugins.

For more on this, please refer to https://docs.gradle.org/8.10.2/userguide/command_line_interface.html#sec:command_line_warnings in the Gradle documentation.

BUILD SUCCESSFUL in 15s
19 actionable tasks: 2 executed, 17 up-to-date
